[root@gstest1 coreos-installer]# ./test5p.sh 
Checking that no-one is using this disk right now ... OK

Disk /dev/sda: 1000 GiB, 1073741824000 bytes, 2097152000 sectors
Units: sectors of 1 * 512 = 512 bytes
Sector size (logical/physical): 512 bytes / 512 bytes
I/O size (minimum/optimal): 512 bytes / 512 bytes
Disklabel type: gpt
Disk identifier: 00000000-0000-4000-A000-000000000001

Old situation:

Device         Start        End    Sectors   Size Type
/dev/sda5  247220224 2097151966 1849931743 882.1G Linux filesystem

>>> Script header accepted.
>>> Script header accepted.
>>> Script header accepted.
>>> Script header accepted.
>>> Script header accepted.
>>> Script header accepted.
>>> Created a new GPT disklabel (GUID: 00000000-0000-4000-A000-000000000001).
/dev/sda1: Created a new partition 1 of type 'Linux filesystem' and of size 384 MiB.
Partition #1 contains a ext4 signature.
/dev/sda2: Created a new partition 2 of type 'EFI System' and of size 127 MiB.
Partition #2 contains a vfat signature.
/dev/sda3: Created a new partition 3 of type 'BIOS boot' and of size 1 MiB.
/dev/sda4: Created a new partition 4 of type 'Linux filesystem' and of size 2.6 GiB.
Partition #4 contains a crypto_LUKS signature.
/dev/sda5: Created a new partition 5 of type 'Linux filesystem' and of size 882.1 GiB.
/dev/sda6: Done.

New situation:
Disklabel type: gpt
Disk identifier: 00000000-0000-4000-A000-000000000001

Device         Start        End    Sectors   Size Type
/dev/sda1       2048     788479     786432   384M Linux filesystem
/dev/sda2     788480    1048575     260096   127M EFI System
/dev/sda3    1048576    1050623       2048     1M BIOS boot
/dev/sda4    1050624    6524894    5474271   2.6G Linux filesystem
/dev/sda5  247220224 2097151966 1849931743 882.1G Linux filesystem

The partition table has been altered.
Calling ioctl() to re-read partition table.
Syncing disks.
dc: stack empty
Image size is 
tmpfs sized to 1048626 MB
IGNITION_URL IS file:/root/coreos-installer/tools/base.ignition
Selected device is /dev/sda
Mounting tmpfs
Downloading install image
Base Disk
/dev/sda
Starting Paritions
/dev/sda1 : start=        2048, size=      786432, type=0FC63DAF-8483-4772-8E79-3D69D8477DE4, uuid=6300807E-5773-43E5-9247-F2604262A7C2, name="boot"
/dev/sda2 : start=      788480, size=      260096, type=C12A7328-F81F-11D2-BA4B-00A0C93EC93B, uuid=BD43B9DE-CCCF-4C30-9E31-84E5FC42AA70, name="EFI-SYSTEM"
/dev/sda3 : start=     1048576, size=        2048, type=21686148-6449-6E6F-744E-656564454649, uuid=54CE0A6F-A377-43DF-AA9B-B7EF35D379A7, name="BIOS-BOOT"
/dev/sda4 : start=     1050624, size=     5474271, type=0FC63DAF-8483-4772-8E79-3D69D8477DE4, uuid=89149B4F-6EE5-4A6E-B28C-A505D7A5DB83, name="luks_root"
/dev/sda5 : start=   247220224, size=  1849931743, type=0FC63DAF-8483-4772-8E79-3D69D8477DE4, uuid=DED9849F-E33B-4F7F-8280-47E296F76698, name="datastore"
First Partition Number
1
First partition is Number 1
Partitions Before Install
5
Extra Partitions
/dev/sda5 : start=   247220224, size=  1849931743, type=0FC63DAF-8483-4772-8E79-3D69D8477DE4, uuid=DED9849F-E33B-4F7F-8280-47E296F76698, name="datastore"
Count of extra parts
1
Partitions to delete
/dev/sda1 : start=        2048, size=      786432, type=0FC63DAF-8483-4772-8E79-3D69D8477DE4, uuid=6300807E-5773-43E5-9247-F2604262A7C2, name="boot"
/dev/sda2 : start=      788480, size=      260096, type=C12A7328-F81F-11D2-BA4B-00A0C93EC93B, uuid=BD43B9DE-CCCF-4C30-9E31-84E5FC42AA70, name="EFI-SYSTEM"
/dev/sda3 : start=     1048576, size=        2048, type=21686148-6449-6E6F-744E-656564454649, uuid=54CE0A6F-A377-43DF-AA9B-B7EF35D379A7, name="BIOS-BOOT"
/dev/sda4 : start=     1050624, size=     5474271, type=0FC63DAF-8483-4772-8E79-3D69D8477DE4, uuid=89149B4F-6EE5-4A6E-B28C-A505D7A5DB83, name="luks_root"
Blank Partition Table
label: gpt
label-id: 00000000-0000-4000-A000-000000000001
device: /dev/sda
unit: sectors
first-lba: 34
last-lba: 2097151966

/dev/sda5 : start=   247220224, size=  1849931743, type=0FC63DAF-8483-4772-8E79-3D69D8477DE4, uuid=DED9849F-E33B-4F7F-8280-47E296F76698, name="datastore"
Writing mindisk before install
Checking that no-one is using this disk right now ... OK

Disk /dev/sda: 1000 GiB, 1073741824000 bytes, 2097152000 sectors
Units: sectors of 1 * 512 = 512 bytes
Sector size (logical/physical): 512 bytes / 512 bytes
I/O size (minimum/optimal): 512 bytes / 512 bytes
Disklabel type: gpt
Disk identifier: 00000000-0000-4000-A000-000000000001

Old situation:

Device         Start        End    Sectors   Size Type
/dev/sda1       2048     788479     786432   384M Linux filesystem
/dev/sda2     788480    1048575     260096   127M EFI System
/dev/sda3    1048576    1050623       2048     1M BIOS boot
/dev/sda4    1050624    6524894    5474271   2.6G Linux filesystem
/dev/sda5  247220224 2097151966 1849931743 882.1G Linux filesystem

>>> Script header accepted.
>>> Script header accepted.
>>> Script header accepted.
>>> Script header accepted.
>>> Script header accepted.
>>> Script header accepted.
>>> Created a new GPT disklabel (GUID: 00000000-0000-4000-A000-000000000001).
/dev/sda1: Created a new partition 5 of type 'Linux filesystem' and of size 882.1 GiB.
/dev/sda6: Done.

New situation:
Disklabel type: gpt
Disk identifier: 00000000-0000-4000-A000-000000000001

Device         Start        End    Sectors   Size Type
/dev/sda5  247220224 2097151966 1849931743 882.1G Linux filesystem

The partition table has been altered.
Calling ioctl() to re-read partition table.
Syncing disks.
Wipe Complete
Writing disk image
Waiting for udev
Embedding provided Ignition config
Not embedding networking options; none provided
Not embedding additional options; none provided
Not overwriting ignition platform id, no platform id provided
Write Extra Paritions
/dev/sda5 : start=   247220224, size=  1849931743, type=0FC63DAF-8483-4772-8E79-3D69D8477DE4, uuid=DED9849F-E33B-4F7F-8280-47E296F76698, name="datastore"
GPT PMBR size mismatch (6524927 != 2097151999) will be corrected by write.
The backup GPT table is not on the end of the device. This problem will be corrected by write.
GPT PMBR size mismatch (6524927 != 2097151999) will be corrected by write.
The backup GPT table is not on the end of the device. This problem will be corrected by write.
Checking that no-one is using this disk right now ... OK

Disk /dev/sda: 1000 GiB, 1073741824000 bytes, 2097152000 sectors
Units: sectors of 1 * 512 = 512 bytes
Sector size (logical/physical): 512 bytes / 512 bytes
I/O size (minimum/optimal): 512 bytes / 512 bytes
Disklabel type: gpt
Disk identifier: 00000000-0000-4000-A000-000000000001

Old situation:

Device       Start     End Sectors  Size Type
/dev/sda1     2048  788479  786432  384M Linux filesystem
/dev/sda2   788480 1048575  260096  127M EFI System
/dev/sda3  1048576 1050623    2048    1M BIOS boot
/dev/sda4  1050624 6524894 5474271  2.6G Linux filesystem

>>> Script header accepted.
>>> Script header accepted.
>>> Script header accepted.
>>> Script header accepted.
>>> Script header accepted.
>>> Script header accepted.
>>> Created a new GPT disklabel (GUID: 00000000-0000-4000-A000-000000000001).
/dev/sda1: Created a new partition 1 of type 'Linux filesystem' and of size 384 MiB.
Partition #1 contains a ext4 signature.
/dev/sda2: Created a new partition 2 of type 'EFI System' and of size 127 MiB.
Partition #2 contains a vfat signature.
/dev/sda3: Created a new partition 3 of type 'BIOS boot' and of size 1 MiB.
/dev/sda4: Created a new partition 4 of type 'Linux filesystem' and of size 2.6 GiB.
Partition #4 contains a crypto_LUKS signature.
/dev/sda5: Created a new partition 5 of type 'Linux filesystem' and of size 882.1 GiB.
/dev/sda6: Done.

New situation:
Disklabel type: gpt
Disk identifier: 00000000-0000-4000-A000-000000000001

Device         Start        End    Sectors   Size Type
/dev/sda1       2048     788479     786432   384M Linux filesystem
/dev/sda2     788480    1048575     260096   127M EFI System
/dev/sda3    1048576    1050623       2048     1M BIOS boot
/dev/sda4    1050624    6524894    5474271   2.6G Linux filesystem
/dev/sda5  247220224 2097151966 1849931743 882.1G Linux filesystem

The partition table has been altered.
Calling ioctl() to re-read partition table.
Syncing disks.
Final Result
label: gpt
label-id: 00000000-0000-4000-A000-000000000001
device: /dev/sda
unit: sectors
first-lba: 34
last-lba: 2097151966

/dev/sda1 : start=        2048, size=      786432, type=0FC63DAF-8483-4772-8E79-3D69D8477DE4, uuid=6300807E-5773-43E5-9247-F2604262A7C2, name="boot"
/dev/sda2 : start=      788480, size=      260096, type=C12A7328-F81F-11D2-BA4B-00A0C93EC93B, uuid=BD43B9DE-CCCF-4C30-9E31-84E5FC42AA70, name="EFI-SYSTEM"
/dev/sda3 : start=     1048576, size=        2048, type=21686148-6449-6E6F-744E-656564454649, uuid=54CE0A6F-A377-43DF-AA9B-B7EF35D379A7, name="BIOS-BOOT"
/dev/sda4 : start=     1050624, size=     5474271, type=0FC63DAF-8483-4772-8E79-3D69D8477DE4, uuid=89149B4F-6EE5-4A6E-B28C-A505D7A5DB83, name="luks_root"
/dev/sda5 : start=   247220224, size=  1849931743, type=0FC63DAF-8483-4772-8E79-3D69D8477DE4, uuid=DED9849F-E33B-4F7F-8280-47E296F76698, name="datastore"
Install complete
[root@gstest1 coreos-installer]# 


